// Jest Snapshot v1, https://goo.gl/fbAQLP

exports[`renders snapshot correctly 1`] = `"<div class=\\"unit-filter-label\\"><span>sport:</span></div>"`;
